cargo :     Blocking waiting for file 
lock on package cache
At line:1 char:1
+ cargo check --target 
wasm32-unknown-unknown 2> 
build_error.log
+ ~~~~~~~~~~~~~~~~~~~~~~~~~~~~~~~~~~~~~~
~~~~~~~~~~~~~~~~~~~~~~~~
    + CategoryInfo          : NotSpe    
cified: (    Blocking wa...n pac    
kage cache:String) [], RemoteExc    
eption
    + FullyQualifiedErrorId : Native    
CommandError
 
    Blocking waiting for file lock on 
package cache
    Blocking waiting for file lock on 
package cache
    Checking serde_core v1.0.228
    Checking num-traits v0.2.19
    Checking futures-util v0.3.31
    Checking js-sys v0.3.85
    Checking generic-array v0.14.7
    Checking zerocopy v0.8.33
    Checking potential_utf v0.1.4
    Checking icu_locale_core v2.1.1
    Checking icu_properties_data v2.1.2
    Checking aho-corasick v1.1.4
    Checking regex-syntax v0.8.8
    Checking form_urlencoded v1.2.2
    Checking icu_collections v2.1.1
    Checking event-listener v5.4.1
    Checking hashbrown v0.14.5
    Checking byteorder v1.5.0
    Checking event-listener-strategy 
v0.5.4
    Checking crypto-common v0.1.7
    Checking send_wrapper v0.6.0
    Checking utf8_iter v1.0.4
    Checking icu_provider v2.1.1
    Checking base64 v0.22.1
    Checking block-buffer v0.10.4
    Checking itertools v0.14.0
    Checking throw_error v0.3.1
    Checking siphasher v1.0.1
    Checking unicase v2.9.0
    Checking digest v0.10.7
    Checking getrandom v0.3.4
    Checking icu_properties v2.1.2
    Checking icu_normalizer v2.1.1
    Checking or_poisoned v0.1.0
    Checking phf_shared v0.11.3
    Checking new_debug_unreachable 
v1.0.6
    Checking proc-macro2 v1.0.106
    Checking slotmap v1.1.1
    Checking dashmap v6.1.0
    Checking num-integer v0.1.46
    Checking async-lock v3.4.2
    Checking inout v0.1.4
    Checking same-file v1.0.6
    Checking guardian v1.3.0
    Checking log v0.4.29
    Checking rustc-hash v2.1.1
    Checking ppv-lite86 v0.2.21
    Checking walkdir v2.5.0
    Checking cipher v0.4.4
    Checking quote v1.0.44
    Checking regex-automata v0.4.13
    Checking phf v0.11.3
    Checking hash32 v0.3.1
    Checking mac v0.1.1
    Checking winnow v0.7.14
    Checking tinyvec_macros v0.1.1
    Checking utf8-width v0.1.8
    Checking precomputed-hash v0.1.1
    Checking futf v0.1.5
    Checking syn v2.0.114
    Checking idna_adapter v1.2.1
    Checking tinyvec v1.10.0
    Checking serde v1.0.228
    Checking indexmap v2.13.0
    Checking html-escape v0.2.13
    Checking serde_spanned v1.0.4
    Checking idna v1.1.0
    Checking toml_datetime 
v0.7.5+spec-1.1.0
    Checking heapless v0.8.0
    Checking pin-project v1.1.10
    Checking psm v0.1.28
    Checking url v2.5.8
    Checking futures-executor v0.3.31
    Checking either_of v0.1.6
    Checking crossbeam-epoch v0.9.18
    Checking bytes v1.11.0
    Checking futures v0.3.31
    Checking string_cache v0.8.9
    Checking serde_json v1.0.149
    Checking oco_ref v0.2.1
    Checking hydration_context v0.3.0
    Checking itertools v0.10.5
    Checking erased v0.1.2
    Checking unicode-segmentation 
v1.12.0
    Checking const_str_slice_concat 
v0.1.0
    Checking yansi v1.0.1
    Checking powerfmt v0.2.0
    Checking unicode-width v0.1.14
    Checking http v1.4.0
    Checking tokio v1.49.0
    Checking next_tuple v0.1.0
    Checking rawpointer v0.2.1
    Checking foldhash v0.1.5
    Checking allocator-api2 v0.2.21
    Checking linear-map v1.2.0
    Checking toml_parser 
v1.0.6+spec-1.1.0
    Checking regex v1.12.2
    Checking base64ct v1.8.3
    Checking utf-8 v0.7.6
    Checking drain_filter_polyfill 
v0.1.3
    Checking unicode-xid v0.2.6
    Checking tendril v0.4.3
    Checking hashbrown v0.15.5
    Checking serde_with v3.16.1
    Checking lalrpop-util v0.20.2
    Checking matrixmultiply v0.3.10
    Checking rustc_lexer v0.1.0
    Checking convert_case v0.6.0
    Checking toml v0.9.11+spec-1.1.0
    Checking miette v5.10.0
    Checking deranged v0.5.5
    Checking web_atoms v0.1.3
    Checking rstar v0.12.2
    Checking crossbeam-deque v0.8.6
    Checking web-sys v0.3.85
    Checking wasm-bindgen-futures 
v0.4.58
    Checking getrandom v0.2.17
    Checking web-time v1.1.0
    Checking smol_str v0.2.2
    Checking serde_qs v0.15.0
    Checking any_spawner v0.3.0
    Checking stacker v0.1.22
    Checking unicode-normalization 
v0.1.25
    Checking rand_core v0.9.5
    Checking rand_core v0.6.4
    Checking const_format v0.2.35
    Checking num-complex v0.4.6
    Checking approx v0.5.1
    Checking rand_chacha v0.3.1
    Checking password-hash v0.5.0
    Checking approx v0.4.0
    Checking proc-macro2-diagnostics 
v0.10.1
    Checking itertools v0.11.0
    Checking rand v0.8.5
    Checking ipnet v2.11.0
    Checking fnv v1.0.7
    Checking robust v1.2.0
    Checking num-conv v0.2.0
    Checking ucd-trie v0.1.7
    Checking const-str v0.7.1
    Checking unicode-script v0.5.8
    Checking zeroize v1.8.2
    Checking time-core v0.1.8
    Checking arrayvec v0.7.6
    Checking xxhash-rust v0.8.15
    Checking ryu v1.0.22
    Checking pathdiff v0.2.3
    Checking lazy_static v1.5.0
    Checking dtoa v1.0.11
    Checking unicode-security v0.1.2
    Checking time v0.3.46
    Checking spade v2.15.0
    Checking config v0.15.19
    Checking serde_urlencoded v0.7.1
    Checking pest v2.8.5
    Checking cedar-policy-core v2.4.2
    Checking dtoa-short v0.3.5
    Checking rstml v0.12.1
    Checking ndarray v0.15.6
    Checking typed-builder v0.21.2
    Checking markup5ever v0.35.0
    Checking anyhow v1.0.100
    Checking geo-types v0.7.18
    Checking rand_chacha v0.9.0
    Checking camino v1.2.2
    Checking rayon-core v1.13.0
    Checking earcutr v0.4.3
    Checking chrono v0.4.43
    Checking pharos v0.5.3
    Checking httparse v1.10.1
    Checking codee v0.3.5
    Checking async-graphql-value v7.2.1
    Checking blowfish v0.9.1
    Checking half v2.7.1
    Checking num-bigint v0.4.6
    Checking hmac v0.12.1
    Checking sha2 v0.10.9
    Checking console_error_panic_hook 
v0.1.7
    Checking geographiclib-rs v0.2.5
    Checking encoding_rs v0.8.35
    Checking tracing-core v0.1.36
    Checking ciborium-io v0.2.2
    Checking float_next_after v1.0.0
    Checking parking v2.2.1
    Checking bytemuck v1.24.0
    Checking async-once-cell v0.5.4
    Checking untrusted v0.9.0
    Checking mime v0.3.17
    Checking hashbrown v0.12.3
    Checking spin v0.9.8
    Checking fastrand v2.3.0
    Checking wasm_split_helpers v0.2.0
    Checking tracing v0.1.44
    Checking roaring v0.10.12
    Checking ring v0.17.14
    Checking geo v0.28.0
    Checking futures-lite v2.6.1
    Checking ciborium-ll v0.2.2
    Checking async-graphql-parser v7.2.1
    Checking pbkdf2 v0.12.2
    Checking indexmap v1.9.3
    Checking simple_asn1 v0.6.3
    Checking ref-cast v1.0.25
    Checking cssparser v0.35.0
    Checking typed-builder v0.23.2
    Checking html5ever v0.35.0
    Checking async_io_stream v0.3.3
    Checking rayon v1.11.0
    Checking multer v3.1.0
    Checking leptos_hot_reload v0.8.5
    Checking rand v0.9.2
    Checking leptos_config v0.8.8
    Checking ahash v0.8.12
    Checking rust_decimal v1.40.0
    Checking uuid v1.19.0
    Checking salsa20 v0.10.2
    Checking blake2 v0.10.6
    Checking pem v3.0.6
    Checking noisy_float v0.2.1
    Checking rmp v0.8.15
    Checking asynk-strim v0.1.5
    Checking nibble_vec v0.1.0
    Checking thread_local v1.1.9
    Checking constant_time_eq v0.4.2
    Checking humantime v2.3.0
    Checking arrayref v0.3.9
    Checking base64 v0.21.7
    Checking psl-types v2.0.11
    Checking maplit v1.0.2
    Checking async-task v4.7.1
    Checking urlencoding v2.1.3
    Checking static_assertions_next 
v1.1.2
    Checking any_ascii v0.3.3
    Checking endian-type v0.1.2
    Checking addr v0.15.6
    Checking object_store v0.12.5
    Checking async-graphql v7.2.1
    Checking ammonia v4.1.2
    Checking async-executor v1.13.3
    Checking fuzzy-matcher v0.3.7
    Checking radix_trie v0.2.1
    Checking lexicmp v0.1.0
    Checking blake3 v1.8.3
    Checking rmpv v1.3.1
    Checking argon2 v0.5.3
    Checking ulid v1.2.1
    Checking ndarray-stats v0.5.1
    Checking jsonwebtoken v9.3.1
    Checking scrypt v0.11.0
    Checking quick_cache v0.5.2
    Checking revision v0.11.0
    Checking linfa-linalg v0.1.0
    Checking ciborium v0.2.2
    Checking snap v1.1.1
    Checking fst v0.4.7
    Checking sysinfo v0.33.1
    Checking bcrypt v0.15.1
    Checking nanoid v0.4.0
    Checking wasmtimer v0.2.1
    Checking bincode v1.3.3
    Checking serde-content v0.1.2
    Checking storekey v0.5.0
    Checking rust-stemmers v1.2.0
    Checking semver v1.0.27
    Checking md-5 v0.10.6
    Checking sha1 v0.10.6
    Checking dashmap v5.5.3
    Checking async-channel v2.5.0
    Checking castaway v0.2.4
    Checking vart v0.8.1
    Checking reblessive v0.4.3
    Checking strsim v0.11.1
    Checking deunicode v1.6.2
    Checking hex v0.4.3
    Checking tokio-util v0.7.18
    Checking rustls-pki-types v1.14.0
    Checking http v0.2.12
    Checking tower-service v0.3.3
    Checking sync_wrapper v0.1.2
    Checking path-clean v1.0.1
    Checking stylance v0.7.4
    Checking bcrypt v0.17.1
    Checking cedar-policy-validator 
v2.4.2
    Checking cedar-policy v2.4.2
    Checking reactive_graph v0.2.12
    Checking gloo-utils v0.2.0
    Checking wasm-streams v0.4.2
    Checking trice v0.4.0
    Checking rexie v0.4.2
    Checking ws_stream_wasm v0.7.5
    Checking reqwest v0.11.27
    Checking dmp v0.2.3
    Checking gloo-net v0.6.0
    Checking indxdb v0.6.0
    Checking surrealdb-core v2.5.0
    Checking server_fn v0.8.9
    Checking reactive_stores v0.3.1
    Checking tachys v0.2.11
    Checking leptos_server v0.8.6
    Checking leptos_dom v0.8.7
    Checking leptos v0.8.15
    Checking leptos_meta v0.8.5
    Checking leptos_router v0.8.11
    Checking surrealdb v2.5.0
    Checking glassbox v0.1.0 (D:\AI and 
 datascience projects\Project 
8\glassbox)
error[E0525]: expected a closure that 
implements the `FnMut` trait, but this 
closure only implements `FnOnce`
  --> 
src\components\movie_modal.rs:13:10
   |
10 | /       view! {
11 | |           <Stylesheet 
href="movie_modal.css"/>
12 | |           
13 | |           {move || match 
video.get() {
   | |           --^^^^^^
   | |           ||
   | |  _________|this closure 
implements `FnOnce`, not `FnMut`
   | | |_________|
   | |||
14 | |||             Some(v) => view! {
15 | |||                 <div 
class="modal-overlay" on:click=move |_| 
on_close()>
16 | |||                     <div 
class="modal-content" on:click=|e| 
e.stop_propagation()>
17 | |||                         // 
Close button
18 | |||                         
<button class="modal-close-btn" 
on:click=move |_| on_close()>
   | |||                                
                                        
   -------- closure is `FnOnce` because 
it moves the variable `on_close` out of 
its environment
...  |||
64 | |||             None => view! { 
<div></div> }.into_any()
65 | |||         }}
   | |||_________-- the requirement to 
implement `FnMut` derives from here
   | | |_________|
   | |           this tail expression 
is of type 
`{closure@movie_modal.rs:13:10}`
66 | |       }
   | |_______- required by a bound 
introduced by this call
   |
   = note: required for `{closure@src\co
mponents\movie_modal.rs:13:10: 13:17}` 
to implement `ReactiveFunction`
   = note: required for `{closure@src\co
mponents\movie_modal.rs:13:10: 13:17}` 
to implement `leptos::prelude::Render`
   = note: required for `{closure@src\co
mponents\movie_modal.rs:13:10: 13:17}` 
to implement `IntoRender`
help: you might have meant to create 
the closure instead of a block
   |
13 |         |_| {move || match 
video.get() {
   |         +++

error[E0277]: `impl Fn() + 'static` 
cannot be sent between threads safely
  --> src\components\movie_modal.rs:13:9
   |
10 | /       view! {
11 | |           <Stylesheet 
href="movie_modal.css"/>
12 | |           
13 | |           {move || match 
video.get() {
   | |           ^-------
   | |           ||
   | |  _________|within this `{closure@
src\components\movie_modal.rs:13:10: 
13:17}`
   | | |_________|
   | |||
14 | |||             Some(v) => view! {
15 | |||                 <div 
class="modal-overlay" on:click=move |_| 
on_close()>
16 | |||                     <div 
class="modal-content" on:click=|e| 
e.stop_propagation()>
...  |||
64 | |||             None => view! { 
<div></div> }.into_any()
65 | |||         }}
   | |||_________-^ `impl Fn() + 
'static` cannot be sent between threads 
safely
   | | |_________|
   | |           this tail expression 
is of type 
`{closure@movie_modal.rs:13:10}`
66 | |       }
   | |_______- required by a bound 
introduced by this call
   |
note: required because it's used within 
this closure
  --> 
src\components\movie_modal.rs:13:10
   |
13 |         {move || match video.get() 
{
   |          ^^^^^^^
   = note: required for `{closure@src\co
mponents\movie_modal.rs:13:10: 13:17}` 
to implement `ReactiveFunction`
   = note: required for `{closure@src\co
mponents\movie_modal.rs:13:10: 13:17}` 
to implement `leptos::prelude::Render`
   = note: required for `{closure@src\co
mponents\movie_modal.rs:13:10: 13:17}` 
to implement `IntoRender`
help: use parentheses to call this type 
parameter
   |
65 |         }}()
   |           ++
help: consider restricting opaque type 
`impl Fn() + 'static` with trait `Send`
   |
 8 |     on_close: impl Fn() + 'static 
+ std::marker::Send,
   |                                   
+++++++++++++++++++

error[E0525]: expected a closure that 
implements the `FnMut` trait, but this 
closure only implements `FnOnce`
  --> 
src\components\movie_modal.rs:13:10
   |
 9 |   ) -> impl IntoView {
   |        ------------- the 
requirement to implement `FnMut` 
derives from here
10 | /     view! {
11 | |         <Stylesheet 
href="movie_modal.css"/>
12 | |         
13 | |         {move || match 
video.get() {
   | |          ^^^^^^^ this closure 
implements `FnOnce`, not `FnMut`
...  |
18 | |                         <button 
class="modal-close-btn" on:click=move 
|_| on_close()>
   | |                                  
                                        
 -------- closure is `FnOnce` because 
it moves the variable `on_close` out of 
its environment
...  |
65 | |         }}
66 | |     }
   | |_____- return type was inferred 
to be `View<(impl IntoView, 
{closure@movie_modal.rs:13:10})>` here
   |
   = note: required for `{closure@src\co
mponents\movie_modal.rs:13:10: 13:17}` 
to implement `ReactiveFunction`
   = note: required for `{closure@src\co
mponents\movie_modal.rs:13:10: 13:17}` 
to implement `leptos::prelude::Render`
   = note: 2 redundant requirements 
hidden
   = note: required for `View<(impl 
IntoView, 
{closure@movie_modal.rs:13:10})>` to 
implement `leptos::prelude::Render`
   = note: required for `View<(impl 
IntoView, 
{closure@movie_modal.rs:13:10})>` to 
implement `leptos::IntoView`
   = note: the full name for the type 
has been written to 'D:\AI and  
datascience projects\Project 8\glassbox\
target\wasm32-unknown-unknown\debug\deps
\glassbox-a5d463f8d6126943.long-type-222
56848500592968.txt'
   = note: consider using `--verbose` 
to print the full type name to the 
console

Some errors have detailed explanations: 
E0277, E0525.
For more information about an error, 
try `rustc --explain E0277`.
error: could not compile `glassbox` 
(bin "glassbox") due to 3 previous 
errors
